// Jest Snapshot v1, https://goo.gl/fbAQLP

exports[`renders correctly 1`] = `
<span
  className="cb-st-tag"
  onClick={null}
>
  I'm testing
  Â 
</span>
`;
